;
; SkoolKit ref file for Flying Shark
;

[Game]
Game=Flying Shark ZX Spectrum
StyleSheet=skoolkit.css;custom.css

[Poke:infiniteLives:Infinite Lives]
POKE 54462,201

[Poke:noEnemies:No Enemies]
POKE 51631,201

[Poke:immunity:Immunity]
POKE 48115,58

[Poke:lives:Lives]
POKE 42464,N

[Poke:bombs:Bombs]
POKE 42490,N

[Poke:immunityAlt:Immunity (alt)]
POKE 48677,24

[Index]
MemoryMaps

