;
; SkoolKit ref file for Nebulus
;

[Game]
Game=Elite 128 ZX Spectrum
StyleSheet=skoolkit.css;custom.css

[Index]
MemoryMaps
References

[Index:References:References]
Credits

[Paths]
Credits=credits.html

[Page:Credits]
PageContent=#INCLUDE(CreditsHtml)

[CreditsHtml]
<p>
This disassembly based on the great work done by LW.
</p>
