;
; SkoolKit ref file for Robin of the Wood
;

[Game]
Game=Robin of the Wood
StyleSheet=skoolkit.css;custom.css

[Index]
MemoryMaps
GameMaps

[Index:GameMaps:Game Maps]
roommap

[Links]
roommap=World Map

[Page:roommap]
PageContent=#INCLUDE(RoomMapHtml)

[Titles]
roomaddrmap=World Map

[Paths]
roommap=roommap.html

[RoomMapHtml]
<div>
<img src="images/full-map.png" />
</div>
