;
; SkoolKit ref file for Nebulus
;

[Game]
Game=Nebulus ZX Spectrum
StyleSheet=skoolkit.css;custom.css

[Index]
MemoryMaps
References

[Index:References:References]
Credits

[Paths]
Credits=credits.html

[Page:Credits]
PageContent=#INCLUDE(CreditsHtml)

[CreditsHtml]
<p>
This disassembly based on work done by Anatoly Vdovichev. Thanks a lot!
</p>
