;
; SkoolKit ref file for Saboteur
;

[Game]
Game=Saboteur
StyleSheet=skoolkit.css;custom.css

[Index]
MemoryMaps
GameMaps

[Index:GameMaps:Game Maps]
roomaddrmap

[Links]
roomaddrmap=Map with Room Addresses

[Page:roomaddrmap]
PageContent=<div><img src="images/roomaddrmap.png" /></div>

[Titles]
roomaddrmap=Map with Room Addresses

[Paths]
roomaddrmap=roomaddrmap.html
