;
; SkoolKit ref file for Robin
;

[Game]
Game=Bruce Lee ZX Spectrum
StyleSheet=skoolkit.css;custom.css

[Index]
MemoryMaps
References

[Index:References:References]
Credits

[Paths]
Credits=credits.html

[Page:Credits]
PageContent=#INCLUDE(CreditsHtml)

[CreditsHtml]
<p>
This disassembly mostly based on the great work done by Anatoly Vdovichev. Thanks a lot!
</p>
